// Jest Snapshot v1, https://goo.gl/fbAQLP

exports[`should render not found page 1`] = `
<div>
  404! - Go to 
  <Link
    replace={false}
    to="/"
  >
    Home
  </Link>
   page
</div>
`;
